\BOOKMARK [1][-]{section.1}{\376\377\137\025\212\000}{}% 1
\BOOKMARK [1][-]{section.2}{\376\377\133\214\142\020\140\305\121\265}{}% 2
\BOOKMARK [1][-]{section.3}{\376\377\000P\0001\0002\0002\0008\000\040\127\060\153\357\130\153\210\145\225\356\230\230}{}% 3
\BOOKMARK [2][-]{subsection.3.1}{\376\377\230\230\166\356\122\006\147\220}{section.3}% 4
\BOOKMARK [2][-]{subsection.3.2}{\376\377\173\227\154\325\213\276\213\241}{section.3}% 5
\BOOKMARK [2][-]{subsection.3.3}{\376\377\140\047\200\375\122\006\147\220}{section.3}% 6
\BOOKMARK [2][-]{subsection.3.4}{\376\377\217\320\210\114\155\113\213\325}{section.3}% 7
\BOOKMARK [1][-]{section.4}{\376\377\000P\0001\0008\0005\0004\000\040\000[\000I\000O\000I\000\040\0001\0009\0009\0009\000]\000\040\202\261\136\227\152\161\172\227\136\003\177\156}{}% 8
\BOOKMARK [2][-]{subsection.4.1}{\376\377\230\230\166\356\122\006\147\220}{section.4}% 9
\BOOKMARK [2][-]{subsection.4.2}{\376\377\173\227\154\325\213\276\213\241}{section.4}% 10
\BOOKMARK [2][-]{subsection.4.3}{\376\377\140\047\200\375\122\006\147\220}{section.4}% 11
\BOOKMARK [2][-]{subsection.4.4}{\376\377\217\320\210\114\155\113\213\325}{section.4}% 12
\BOOKMARK [1][-]{section.5}{\376\377\000P\0001\0004\0004\0003\000\040\232\154\166\204\220\115\123\206}{}% 13
\BOOKMARK [2][-]{subsection.5.1}{\376\377\230\230\166\356\122\006\147\220}{section.5}% 14
\BOOKMARK [2][-]{subsection.5.2}{\376\377\173\227\154\325\213\276\213\241}{section.5}% 15
\BOOKMARK [2][-]{subsection.5.3}{\376\377\140\047\200\375\122\006\147\220}{section.5}% 16
\BOOKMARK [2][-]{subsection.5.4}{\376\377\217\320\210\114\155\113\213\325}{section.5}% 17
\BOOKMARK [1][-]{section.6}{\376\377\000P\0001\0002\0005\0000\000\040\171\315\150\021}{}% 18
\BOOKMARK [2][-]{subsection.6.1}{\376\377\230\230\166\356\122\006\147\220}{section.6}% 19
\BOOKMARK [2][-]{subsection.6.2}{\376\377\173\227\154\325\213\276\213\241}{section.6}% 20
\BOOKMARK [2][-]{subsection.6.3}{\376\377\140\047\200\375\122\006\147\220}{section.6}% 21
\BOOKMARK [2][-]{subsection.6.4}{\376\377\217\320\210\114\155\113\213\325}{section.6}% 22
\BOOKMARK [1][-]{section.7}{\376\377\000P\0001\0001\0001\0001\000\040\117\356\131\015\121\154\215\357}{}% 23
\BOOKMARK [2][-]{subsection.7.1}{\376\377\230\230\166\356\122\006\147\220}{section.7}% 24
\BOOKMARK [2][-]{subsection.7.2}{\376\377\173\227\154\325\213\276\213\241}{section.7}% 25
\BOOKMARK [2][-]{subsection.7.3}{\376\377\140\047\200\375\122\006\147\220}{section.7}% 26
\BOOKMARK [2][-]{subsection.7.4}{\376\377\217\320\210\114\155\113\213\325}{section.7}% 27
\BOOKMARK [1][-]{section.8}{\376\377\140\073\176\323}{}% 28
