\BOOKMARK [1][-]{section.1}{\376\377\137\025\212\000}{}% 1
\BOOKMARK [2][-]{subsection.1.1}{\376\377\213\376\172\013\200\314\146\157\116\016\141\017\116\111}{section.1}% 2
\BOOKMARK [2][-]{subsection.1.2}{\376\377\213\376\172\013\213\276\213\241\166\356\150\007\116\016\116\373\122\241}{section.1}% 3
\BOOKMARK [3][-]{subsubsection.1.2.1}{\376\377\213\276\213\241\166\356\150\007}{subsection.1.2}% 4
\BOOKMARK [3][-]{subsubsection.1.2.2}{\376\377\121\167\117\123\116\373\122\241}{subsection.1.2}% 5
\BOOKMARK [3][-]{subsubsection.1.2.3}{\376\377\134\017\176\304\142\020\124\130\116\373\122\241\122\006\135\345}{subsection.1.2}% 6
\BOOKMARK [1][-]{section.2}{\376\377\166\370\121\163\164\006\213\272\127\372\170\100}{}% 7
\BOOKMARK [2][-]{subsection.2.1}{\376\377\116\272\135\345\146\172\200\375\151\202\217\360}{section.2}% 8
\BOOKMARK [3][-]{subsubsection.2.1.1}{\376\377\116\272\135\345\146\172\200\375\127\050\156\070\142\017\230\206\127\337\166\204\136\224\165\050}{subsection.2.1}% 9
\BOOKMARK [3][-]{subsubsection.2.1.2}{\376\377\116\016\147\054\230\171\166\356\166\370\121\163\166\204\000A\000I\122\006\145\057}{subsection.2.1}% 10
\BOOKMARK [2][-]{subsection.2.2}{\376\377\147\072\126\150\133\146\116\140\127\372\170\100}{section.2}% 11
\BOOKMARK [3][-]{subsubsection.2.2.1}{\376\377\147\072\126\150\133\146\116\140\166\204\127\372\147\054\151\202\137\365}{subsection.2.2}% 12
\BOOKMARK [3][-]{subsubsection.2.2.2}{\376\377\137\072\123\026\133\146\116\140\116\016\217\333\123\026\213\241\173\227}{subsection.2.2}% 13
\BOOKMARK [3][-]{subsubsection.2.2.3}{\376\377\131\032\146\172\200\375\117\123\133\146\116\140}{subsection.2.2}% 14
\BOOKMARK [2][-]{subsection.2.3}{\376\377\155\361\136\246\133\146\116\140\173\200\116\313}{section.2}% 15
\BOOKMARK [3][-]{subsubsection.2.3.1}{\376\377\155\361\136\246\133\146\116\140\166\204\127\372\147\054\123\237\164\006}{subsection.2.3}% 16
\BOOKMARK [3][-]{subsubsection.2.3.2}{\376\377\171\136\176\317\217\333\123\026\166\204\157\134\122\233}{subsection.2.3}% 17
\BOOKMARK [3][-]{subsubsection.2.3.3}{\376\377\230\171\166\356\166\204\122\115\167\273\140\047\213\276\213\241}{subsection.2.3}% 18
\BOOKMARK [1][-]{section.3}{\376\377\213\376\172\013\213\276\213\241\121\205\133\271}{}% 19
\BOOKMARK [2][-]{subsection.3.1}{\376\377\213\276\213\241\140\035\215\357\116\016\145\271\150\110}{section.3}% 20
\BOOKMARK [3][-]{subsubsection.3.1.1}{\376\377\174\373\176\337\147\266\147\204\213\276\213\241}{subsection.3.1}% 21
\BOOKMARK [3][-]{subsubsection.3.1.2}{\376\377\127\372\126\340\177\026\170\001\145\271\150\110\213\276\213\241}{subsection.3.1}% 22
\BOOKMARK [3][-]{subsubsection.3.1.3}{\376\377\217\333\123\026\133\146\116\140\150\106\147\266}{subsection.3.1}% 23
\BOOKMARK [2][-]{subsection.3.2}{\376\377\121\167\117\123\133\236\163\260\153\145\232\244}{section.3}% 24
\BOOKMARK [3][-]{subsubsection.3.2.1}{\376\377\163\257\130\203\144\055\136\372\116\016\133\236\117\123\136\372\152\041}{subsection.3.2}% 25
\BOOKMARK [3][-]{subsubsection.3.2.2}{\376\377\000A\000I\121\263\173\126\174\373\176\337\133\236\163\260}{subsection.3.2}% 26
\BOOKMARK [3][-]{subsubsection.3.2.3}{\376\377\217\333\123\026\173\227\154\325\133\236\163\260}{subsection.3.2}% 27
\BOOKMARK [2][-]{subsection.3.3}{\376\377\121\163\225\056\142\200\147\057\116\016\136\224\165\050}{section.3}% 28
\BOOKMARK [3][-]{subsubsection.3.3.1}{\376\377\127\372\126\340\177\026\170\001\142\200\147\057\127\050\173\126\165\145\210\150\171\072\116\055\166\204\136\224\165\050}{subsection.3.3}% 29
\BOOKMARK [3][-]{subsubsection.3.3.2}{\376\377\217\333\123\026\133\146\116\140\127\050\131\015\147\102\121\263\173\126\116\055\166\204\136\224\165\050}{subsection.3.3}% 30
\BOOKMARK [3][-]{subsubsection.3.3.3}{\376\377\131\032\146\172\200\375\117\123\133\371\142\227\163\257\130\203\213\276\213\241}{subsection.3.3}% 31
\BOOKMARK [3][-]{subsubsection.3.3.4}{\376\377\174\373\176\337\117\030\123\026\116\016\140\047\200\375\143\320\123\107}{subsection.3.3}% 32
\BOOKMARK [3][-]{subsubsection.3.3.5}{\376\377\123\357\211\306\123\026\116\016\145\160\143\156\122\006\147\220\174\373\176\337}{subsection.3.3}% 33
\BOOKMARK [1][-]{section.4}{\376\377\133\236\232\214\116\016\176\323\147\234\122\006\147\220}{}% 34
\BOOKMARK [2][-]{subsection.4.1}{\376\377\133\236\232\214\163\257\130\203\116\016\135\345\121\167}{section.4}% 35
\BOOKMARK [2][-]{subsection.4.2}{\376\377\133\236\232\214\217\307\172\013\116\016\145\160\143\156}{section.4}% 36
\BOOKMARK [2][-]{subsection.4.3}{\376\377\176\323\147\234\122\006\147\220\116\016\213\250\213\272}{section.4}% 37
\BOOKMARK [1][-]{section.5}{\376\377\220\107\122\060\166\204\225\356\230\230\116\016\211\343\121\263\145\271\150\110}{}% 38
\BOOKMARK [1][-]{section.6}{\376\377\176\323\213\272\116\016\134\125\147\033}{}% 39
\BOOKMARK [2][-]{subsection.6.1}{\376\377\213\376\172\013\213\276\213\241\140\073\176\323}{section.6}% 40
\BOOKMARK [2][-]{subsection.6.2}{\376\377\147\052\147\145\145\071\217\333\145\271\124\021}{section.6}% 41
