\BOOKMARK [1][-]{section.1}{\376\377\177\121\230\165\145\164\117\123\150\106\147\266}{}% 1
\BOOKMARK [2][-]{subsection.1.1}{\376\377\140\016\116\110\122\240\123\302\200\003\145\207\163\056}{section.1}% 2
\BOOKMARK [1][-]{section.2}{\376\377\116\073\230\165\213\276\213\241}{}% 3
\BOOKMARK [1][-]{section.3}{\376\377\122\006\230\165\227\142\213\276\213\241}{}% 4
\BOOKMARK [2][-]{subsection.3.1}{\376\377\230\165\227\142\0001\000\040\000\050\153\317\116\052\230\165\227\142\116\345\116\073\211\201\121\205\133\271\215\167\150\007\230\230\124\015\171\360\123\163\123\357\377\011}{section.3}% 5
\BOOKMARK [2][-]{subsection.3.2}{\376\377\230\165\227\142\0002\000\040\000\050\153\317\116\052\230\165\227\142\116\345\116\073\211\201\121\205\133\271\215\167\150\007\230\230\124\015\171\360\123\163\123\357\377\011}{section.3}% 6
\BOOKMARK [2][-]{subsection.3.3}{\376\377\230\165\227\142\0003\000\040\000\050\153\317\116\052\230\165\227\142\116\345\116\073\211\201\121\205\133\271\215\167\150\007\230\230\124\015\171\360\123\163\123\357\377\011}{section.3}% 7
\BOOKMARK [2][-]{subsection.3.4}{\376\377\230\165\227\142\0004\000\040\000\050\153\317\116\052\230\165\227\142\116\345\116\073\211\201\121\205\133\271\215\167\150\007\230\230\124\015\171\360\123\163\123\357\377\011}{section.3}% 8
\BOOKMARK [1][-]{section.4}{\376\377\177\121\230\165\213\276\213\241\134\017\176\323}{}% 9
\BOOKMARK [1][-]{section.5}{\376\377\213\376\172\013\166\204\145\066\203\267\124\214\136\372\213\256}{}% 10
\BOOKMARK [2][-]{subsection.5.1}{\376\377\213\241\173\227\147\072\127\372\170\100\167\345\213\306}{section.5}% 11
\BOOKMARK [2][-]{subsection.5.2}{\376\377\145\207\150\143\144\260\121\231\135\345\121\167\000L\000a\000T\000e\000X}{section.5}% 12
\BOOKMARK [2][-]{subsection.5.3}{\376\377\177\026\172\013\135\345\121\167\000P\000y\000t\000h\000o\000n}{section.5}% 13
\BOOKMARK [2][-]{subsection.5.4}{\376\377\126\376\120\317\213\276\213\241\217\157\116\366\000P\000h\000o\000t\000o\000s\000h\000o\000p}{section.5}% 14
\BOOKMARK [2][-]{subsection.5.5}{\376\377\162\110\147\054\173\241\164\006\217\157\116\366\000G\000i\000t}{section.5}% 15
\BOOKMARK [2][-]{subsection.5.6}{\376\377\177\121\230\165\122\066\117\134\000D\000r\000e\000a\000m\000w\000e\000a\000v\000e\000r}{section.5}% 16
\BOOKMARK [1][-]{section*.5}{\376\377\123\302\200\003\145\207\163\056}{}% 17
\BOOKMARK [1][-]{section*.6}{\376\377\226\104\137\125\000A\000\040\122\237\200\375\152\041\127\127\116\000\133\236\163\260\166\204\116\073\211\201\156\220\172\013\136\217}{}% 18
\BOOKMARK [1][-]{section*.7}{\376\377\226\104\137\125\000B\000\040\122\237\200\375\152\041\127\127\116\214\133\236\163\260\166\204\116\073\211\201\156\220\172\013\136\217}{}% 19
\BOOKMARK [1][-]{section*.8}{\376\377\226\104\137\125\000C\000\040\122\237\200\375\152\041\127\127\116\011\133\236\163\260\166\204\116\073\211\201\156\220\172\013\136\217}{}% 20
\BOOKMARK [1][-]{section*.9}{\376\377\226\104\137\125\000D\000\040\122\237\200\375\152\041\127\127\126\333\133\236\163\260\166\204\116\073\211\201\156\220\172\013\136\217}{}% 21
