\BOOKMARK [1][-]{section.1}{\376\377\127\372\116\216\230\172\136\217\133\130\120\250\176\323\147\204\166\204\176\277\140\047\210\150\133\236\163\260}{}% 1
\BOOKMARK [2][-]{subsection.1.1}{\376\377\133\236\232\214\166\356\166\204}{section.1}% 2
\BOOKMARK [2][-]{subsection.1.2}{\376\377\176\277\140\047\210\150\217\320\173\227\133\232\116\111}{section.1}% 3
\BOOKMARK [2][-]{subsection.1.3}{\376\377\225\356\230\230\143\317\217\360}{section.1}% 4
\BOOKMARK [2][-]{subsection.1.4}{\376\377\174\373\176\337\213\276\213\241}{section.1}% 5
\BOOKMARK [2][-]{subsection.1.5}{\376\377\174\373\176\337\133\236\163\260}{section.1}% 6
\BOOKMARK [2][-]{subsection.1.6}{\376\377\174\373\176\337\155\113\213\325}{section.1}% 7
\BOOKMARK [2][-]{subsection.1.7}{\376\377\133\236\232\214\134\017\176\323}{section.1}% 8
\BOOKMARK [1][-]{section.2}{\376\377\127\372\116\216\220\273\143\245\210\150\166\204\126\376\133\236\163\260}{}% 9
\BOOKMARK [1][-]{section.3}{\376\377\133\236\232\214\166\356\166\204}{}% 10
\BOOKMARK [1][-]{section.4}{\376\377\127\372\116\216\230\172\136\217\133\130\120\250\176\323\147\204\166\204\176\277\140\047\210\150\133\236\163\260}{}% 11
\BOOKMARK [2][-]{subsection.4.1}{\376\377\225\356\230\230\143\317\217\360}{section.4}% 12
\BOOKMARK [2][-]{subsection.4.2}{\376\377\174\373\176\337\213\276\213\241}{section.4}% 13
\BOOKMARK [2][-]{subsection.4.3}{\376\377\174\373\176\337\133\236\163\260}{section.4}% 14
\BOOKMARK [2][-]{subsection.4.4}{\376\377\174\373\176\337\155\113\213\325}{section.4}% 15
\BOOKMARK [2][-]{subsection.4.5}{\376\377\133\236\232\214\134\017\176\323}{section.4}% 16
\BOOKMARK [1][-]{section*.38}{\376\377\123\302\200\003\145\207\163\056}{}% 17
\BOOKMARK [1][-]{section*.39}{\376\377\226\104\137\125\000A\000\040\127\372\116\216\230\172\136\217\133\130\120\250\176\323\147\204\176\277\140\047\210\150\133\236\163\260\166\204\156\220\172\013\136\217}{}% 18
\BOOKMARK [1][-]{section*.40}{\376\377\226\104\137\125\000B\000\040\127\372\116\216\224\376\137\017\133\130\120\250\176\323\147\204\176\277\140\047\210\150\133\236\163\260\166\204\156\220\172\013\136\217}{}% 19
\BOOKMARK [1][-]{section*.41}{\376\377\226\104\137\125\000C\000\040\127\372\116\216\116\214\123\311\224\376\210\150\116\214\123\311\150\021\133\236\163\260\166\204\156\220\172\013\136\217}{}% 20
\BOOKMARK [1][-]{section*.42}{\376\377\226\104\137\125\000D\000\040\127\372\116\216\220\273\143\245\210\150\126\376\133\236\163\260\166\204\156\220\172\013\136\217}{}% 21
