\BOOKMARK [1][-]{section.1}{\376\377\144\130\211\201}{}% 1
\BOOKMARK [2][-]{subsection.1.1}{\376\377\225\334\145\274\210\114\145\207}{section.1}% 2
\BOOKMARK [2][-]{subsection.1.2}{\376\377\122\115\212\000}{section.1}% 3
\BOOKMARK [1][-]{section.2}{\376\377\213\241\173\227\147\072\124\214\116\272\135\345\146\172\200\375\123\321\134\125\123\362}{}% 4
\BOOKMARK [2][-]{subsection.2.1}{\376\377\213\241\173\227\147\072\123\321\134\125}{section.2}% 5
\BOOKMARK [2][-]{subsection.2.2}{\376\377\116\272\135\345\146\172\200\375\123\321\134\125}{section.2}% 6
\BOOKMARK [1][-]{section.3}{\376\377\131\047\211\304\152\041\133\130\120\250\174\373\176\337}{}% 7
\BOOKMARK [2][-]{subsection.3.1}{\376\377\142\200\147\057\166\356\166\204}{section.3}% 8
\BOOKMARK [2][-]{subsection.3.2}{\376\377\123\237\164\006\173\200\217\360}{section.3}% 9
\BOOKMARK [2][-]{subsection.3.3}{\376\377\116\073\211\201\136\224\165\050\127\370\146\157}{section.3}% 10
\BOOKMARK [2][-]{subsection.3.4}{\376\377\227\142\133\371\226\276\230\230}{section.3}% 11
\BOOKMARK [1][-]{section.4}{\376\377\174\173\201\021\213\241\173\227\147\072}{}% 12
\BOOKMARK [2][-]{subsection.4.1}{\376\377\142\200\147\057\166\356\166\204}{section.4}% 13
\BOOKMARK [2][-]{subsection.4.2}{\376\377\123\237\164\006\173\200\217\360}{section.4}% 14
\BOOKMARK [2][-]{subsection.4.3}{\376\377\116\073\211\201\136\224\165\050\127\370\146\157}{section.4}% 15
\BOOKMARK [2][-]{subsection.4.4}{\376\377\227\142\133\371\226\276\230\230}{section.4}% 16
\BOOKMARK [1][-]{section.5}{\376\377\213\241\173\227\126\150\220\032\213\257\142\200\147\057}{}% 17
\BOOKMARK [2][-]{subsection.5.1}{\376\377\142\200\147\057\166\356\166\204}{section.5}% 18
\BOOKMARK [2][-]{subsection.5.2}{\376\377\123\237\164\006\173\200\217\360}{section.5}% 19
\BOOKMARK [2][-]{subsection.5.3}{\376\377\116\073\211\201\136\224\165\050\127\370\146\157}{section.5}% 20
\BOOKMARK [2][-]{subsection.5.4}{\376\377\227\142\133\371\226\276\230\230}{section.5}% 21
\BOOKMARK [1][-]{section.6}{\376\377\220\032\165\050\116\272\135\345\146\172\200\375\166\204\142\200\147\057\217\333\134\125\124\214\121\170\127\213\136\224\165\050}{}% 22
\BOOKMARK [2][-]{subsection.6.1}{\376\377\142\200\147\057\220\062\134\125}{section.6}% 23
\BOOKMARK [2][-]{subsection.6.2}{\376\377\121\170\127\213\136\224\165\050}{section.6}% 24
\BOOKMARK [2][-]{subsection.6.3}{\376\377\227\142\133\371\226\276\230\230}{section.6}% 25
\BOOKMARK [1][-]{section.7}{\376\377\135\345\172\013\117\046\164\006}{}% 26
\BOOKMARK [2][-]{subsection.7.1}{\376\377\142\200\147\057\166\356\166\204}{section.7}% 27
\BOOKMARK [2][-]{subsection.7.2}{\376\377\123\237\164\006\173\200\217\360}{section.7}% 28
\BOOKMARK [2][-]{subsection.7.3}{\376\377\116\073\211\201\136\224\165\050\127\370\146\157}{section.7}% 29
\BOOKMARK [2][-]{subsection.7.4}{\376\377\227\142\133\371\226\276\230\230}{section.7}% 30
\BOOKMARK [1][-]{section.8}{\376\377\176\075\175\120\137\303\137\227}{}% 31
